#	1. Определение алгоритма с наилучшим сжатием

[root@zfs vagrant]$lsblk
NAME   MAJ:MIN RM  SIZE RO TYPE MOUNTPOINT
sda      8:0    0   40G  0 disk
`-sda1   8:1    0   40G  0 part /
sdb      8:16   0  512M  0 disk
sdc      8:32   0  512M  0 disk
sdd      8:48   0  512M  0 disk
sde      8:64   0  512M  0 disk
sdf      8:80   0  512M  0 disk
sdg      8:96   0  512M  0 disk
sdh      8:112  0  512M  0 disk
sdi      8:128  0  512M  0 disk

# Создаём пулы из двух дисков в режиме RAID 1:

[root@zfs vagrant]# zpool list
no pools available
[root@zfs vagrant]# zpool create otus1 mirror /dev/sdb /dev/sdc
[root@zfs vagrant]# zpool create otus2 mirror /dev/sdd /dev/sde
[root@zfs vagrant]# zpool create otus3 mirror /dev/sdf /dev/sdg
[root@zfs vagrant]# zpool create otus4 mirror /dev/sdh /dev/sdi

[root@zfs vagrant]# zpool list
NAME    SIZE  ALLOC   FREE  CKPOINT  EXPANDSZ   FRAG    CAP  DEDUP    HEALTH  ALTROOT
otus1   480M  91.5K   480M        -         -     0%     0%  1.00x    ONLINE  -
otus2   480M  91.5K   480M        -         -     0%     0%  1.00x    ONLINE  -
otus3   480M  91.5K   480M        -         -     0%     0%  1.00x    ONLINE  -
otus4   480M  91.5K   480M        -         -     0%     0%  1.00x    ONLINE  -

[root@zfs vagrant]# zpool status
  pool: otus1
 state: ONLINE
  scan: none requested
config:

        NAME        STATE     READ WRITE CKSUM
        otus1       ONLINE       0     0     0
          mirror-0  ONLINE       0     0     0
            sdb     ONLINE       0     0     0
            sdc     ONLINE       0     0     0

errors: No known data errors

  pool: otus2
 state: ONLINE
  scan: none requested
config:

        NAME        STATE     READ WRITE CKSUM
        otus2       ONLINE       0     0     0
          mirror-0  ONLINE       0     0     0
            sdd     ONLINE       0     0     0
            sde     ONLINE       0     0     0

errors: No known data errors

  pool: otus3
 state: ONLINE
  scan: none requested
config:

        NAME        STATE     READ WRITE CKSUM
        otus3       ONLINE       0     0     0
          mirror-0  ONLINE       0     0     0
            sdf     ONLINE       0     0     0
            sdg     ONLINE       0     0     0

errors: No known data errors

  pool: otus4
 state: ONLINE
  scan: none requested
config:

        NAME        STATE     READ WRITE CKSUM
        otus4       ONLINE       0     0     0
          mirror-0  ONLINE       0     0     0
            sdh     ONLINE       0     0     0
            sdi     ONLINE       0     0     0

errors: No known data errors

# 	Добавим разные алгоритмы сжатия в каждую файловую систему

[root@zfs vagrant]# zfs set compression=lzjb otus1
[root@zfs vagrant]# zfs set compression=lz4 otus2
[root@zfs vagrant]# zfs set compression=gzip-9 otus3
[root@zfs vagrant]# zfs set compression=zle otus4

[root@zfs vagrant]# zfs get all | grep compression
otus1  compression           lzjb                   local
otus2  compression           lz4                    local
otus3  compression           gzip-9                 local
otus4  compression           zle                    local

# Скачаем один и тот же текстовый файл во все пулы
[root@zfs vagrant]# for i in {1..4}; do wget -P /otus$i https://gutenberg.org/cache/epub/2600/pg2600.converter.log; done     --2023-12-05 11:38:20--  https://gutenberg.org/cache/epub/2600/pg2600.converter.log
Resolving gutenberg.org (gutenberg.org)... 152.19.134.47, 2610:28:3090:3000:0:bad:cafe:47
Connecting to gutenberg.org (gutenberg.org)|152.19.134.47|:443... connected.
HTTP request sent, awaiting response... 200 OK
Length: 40997929 (39M) [text/plain]
Saving to: '/otus1/pg2600.converter.log'

100%[===================================================================================>] 40,997,929  1.43MB/s   in 28s

2023-12-05 11:38:50 (1.41 MB/s) - '/otus1/pg2600.converter.log' saved [40997929/40997929]

--2023-12-05 11:38:50--  https://gutenberg.org/cache/epub/2600/pg2600.converter.log
Resolving gutenberg.org (gutenberg.org)... 152.19.134.47, 2610:28:3090:3000:0:bad:cafe:47
Connecting to gutenberg.org (gutenberg.org)|152.19.134.47|:443... connected.
HTTP request sent, awaiting response... 200 OK
Length: 40997929 (39M) [text/plain]
Saving to: '/otus2/pg2600.converter.log'

100%[===================================================================================>] 40,997,929  1.37MB/s   in 29s

2023-12-05 11:39:20 (1.37 MB/s) - '/otus2/pg2600.converter.log' saved [40997929/40997929]

--2023-12-05 11:39:20--  https://gutenberg.org/cache/epub/2600/pg2600.converter.log
Resolving gutenberg.org (gutenberg.org)... 152.19.134.47, 2610:28:3090:3000:0:bad:cafe:47
Connecting to gutenberg.org (gutenberg.org)|152.19.134.47|:443... connected.
HTTP request sent, awaiting response... 200 OK
Length: 40997929 (39M) [text/plain]
Saving to: '/otus3/pg2600.converter.log'

100%[===================================================================================>] 40,997,929  1.19MB/s   in 43s

2023-12-05 11:40:03 (927 KB/s) - '/otus3/pg2600.converter.log' saved [40997929/40997929]

--2023-12-05 11:40:03--  https://gutenberg.org/cache/epub/2600/pg2600.converter.log
Resolving gutenberg.org (gutenberg.org)... 152.19.134.47, 2610:28:3090:3000:0:bad:cafe:47
Connecting to gutenberg.org (gutenberg.org)|152.19.134.47|:443... connected.
HTTP request sent, awaiting response... 200 OK
Length: 40997929 (39M) [text/plain]
Saving to: '/otus4/pg2600.converter.log'

100%[===================================================================================>] 40,997,929   909KB/s   in 35s

2023-12-05 11:40:39 (1.11 MB/s) - '/otus4/pg2600.converter.log' saved [40997929/40997929]

# Проверим, сколько места занимает один и тот же файл в разных пулах и проверим степень сжатия файлов:

[root@zfs vagrant]# zfs list
NAME    USED  AVAIL     REFER  MOUNTPOINT
otus1  21.6M   330M     21.6M  /otus1
otus2  17.7M   334M     17.6M  /otus2
otus3  10.8M   341M     10.7M  /otus3
otus4  39.2M   313M     39.2M  /otus4
[root@zfs vagrant]# zfs get all | grep compressratio | grep -v ref
otus1  compressratio         1.81x                  -
otus2  compressratio         2.22x                  -
otus3  compressratio         3.65x                  -
otus4  compressratio         1.00x                  -

# алгоритм gzip-9 самый эффективный по сжатию.

#	2. Определение настроек пула

# Записываем в текущий катоалог файл c 
# https://drive.google.com/u/0/uc?id=1KRBNW33QWqbvbVOAt60yukkg&e xport=download
# с именем archive.tar.gz
# Разархивируем его
[root@zfs vagrant]# tar -xzvf archive.tar.gz
zpoolexport/
zpoolexport/filea
zpoolexport/fileb

# Проверим, возможно ли импортировать данный каталог в пул

[root@zfs vagrant]# zpool import -d zpoolexport/
   pool: otus
     id: 6554193320433390805
  state: ONLINE
 action: The pool can be imported using its name or numeric identifier.
 config:

        otus                                 ONLINE
          mirror-0                           ONLINE
            /home/vagrant/zpoolexport/filea  ONLINE
            /home/vagrant/zpoolexport/fileb  ONLINE

# Данный вывод показывает нам имя пула, тип raid и его состав.
# Сделаем импорт данного пула к нам в ОС:

[root@zfs vagrant]# zpool import -d zpoolexport/ otus
[root@zfs vagrant]# zpool status
  pool: otus
 state: ONLINE
  scan: none requested
config:

        NAME                                 STATE     READ WRITE CKSUM
        otus                                 ONLINE       0     0     0
          mirror-0                           ONLINE       0     0     0
            /home/vagrant/zpoolexport/filea  ONLINE       0     0     0
            /home/vagrant/zpoolexport/fileb  ONLINE       0     0     0

errors: No known data errors
...

# Запрос сразу всех параметром файловой системы
[root@zfs vagrant]# zpool get all otus
NAME  PROPERTY                       VALUE                          SOURCE
otus  size                           480M                           -
otus  capacity                       0%                             -
otus  altroot                        -                              default
otus  health                         ONLINE                         -
otus  guid                           6554193320433390805            -
otus  version                        -                              default
otus  bootfs                         -                              default
otus  delegation                     on                             default
otus  autoreplace                    off                            default
otus  cachefile                      -                              default
otus  failmode                       wait                           default
otus  listsnapshots                  off                            default
otus  autoexpand                     off                            default
otus  dedupditto                     0                              default
otus  dedupratio                     1.00x                          -
otus  free                           478M                           -
otus  allocated                      2.09M                          -
otus  readonly                       off                            -
otus  ashift                         0                              default
otus  comment                        -                              default
otus  expandsize                     -                              -
otus  freeing                        0                              -
otus  fragmentation                  0%                             -
otus  leaked                         0                              -
otus  multihost                      off                            default
otus  checkpoint                     -                              -
otus  load_guid                      4054307629700233681            -
otus  autotrim                       off                            default
otus  feature@async_destroy          enabled                        local
otus  feature@empty_bpobj            active                         local
otus  feature@lz4_compress           active                         local
otus  feature@multi_vdev_crash_dump  enabled                        local
otus  feature@spacemap_histogram     active                         local
otus  feature@enabled_txg            active                         local
otus  feature@hole_birth             active                         local
otus  feature@extensible_dataset     active                         local
otus  feature@embedded_data          active                         local
otus  feature@bookmarks              enabled                        local
otus  feature@filesystem_limits      enabled                        local
otus  feature@large_blocks           enabled                        local
otus  feature@large_dnode            enabled                        local
otus  feature@sha512                 enabled                        local
otus  feature@skein                  enabled                        local
otus  feature@edonr                  enabled                        local
otus  feature@userobj_accounting     active                         local
otus  feature@encryption             enabled                        local
otus  feature@project_quota          active                         local
otus  feature@device_removal         enabled                        local
otus  feature@obsolete_counts        enabled                        local
otus  feature@zpool_checkpoint       enabled                        local
otus  feature@spacemap_v2            active                         local
otus  feature@allocation_classes     enabled                        local
otus  feature@resilver_defer         enabled                        local
otus  feature@bookmark_v2            enabled                        local

# конкретный параметр
[root@zfs vagrant]# zfs get available otus
NAME  PROPERTY   VALUE  SOURCE
otus  available  350M   -			# размер
[root@zfs vagrant]# zfs get readonly otus
NAME  PROPERTY  VALUE   SOURCE
otus  readonly  off     default			# тип чтение и запись
[root@zfs vagrant]# zfs get recordsize otus
NAME  PROPERTY    VALUE    SOURCE
otus  recordsize  128K     local		# значение recordsize
[root@zfs vagrant]# zfs get compression otus
NAME  PROPERTY     VALUE     SOURCE
otus  compression  zle       local		# тип сжатия
[root@zfs vagrant]# zfs get checksum otus
NAME  PROPERTY  VALUE      SOURCE
otus  checksum  sha256     local		# тип контрольной суммы

# 	3. Работа со снапшотом, поиск сообщения от преподавателя

# Записываем в текущий каталог файл 
[root@zfs vagrant]wget -O otus_task2.file --no-check-certificate https://drive.google.com/u/0/uc?id=1gH8gCL9y7Nd5Ti3IRmplZPF1XjzxeRAG&export=download
[1] 2429
...
HTTP request sent, awaiting response... 200 OK
Length: 5432736 (5.2M) [application/octet-stream]
Saving to: 'otus_task2.file'

100%[===========================================================================>] 5,432,736   11.0MB/s   in 0.5s

2023-12-05 12:23:03 (11.0 MB/s) - 'otus_task2.file' saved [5432736/5432736]


[1]+  Done                    wget -O otus_task2.file --no-check-certificate https://drive.google.com/u/0/uc?id=1gH8gCL9y7Nd5Ti3IRmplZPF1XjzxeRAG

# Восстановим файловую систему из снапшота
[root@zfs vagrant]# zfs receive otus/test@today < otus_task2.file

# ищем в каталоге /otus/test файл с именем “secret_message”:
[root@zfs vagrant]# find /otus/test -name "secret_message"
/otus/test/task1/file_mess/secret_message

# содержимое найденного файла:
[root@zfs vagrant]# cat /otus/test/task1/file_mess/secret_message
https://github.com/sindresorhus/awesome